main.c:221:6:HAL_ADC_ConvCpltCallback	24	static
main.c:237:6:HAL_GPIO_EXTI_Callback	16	static
main.c:253:6:displayGraphSetup	8	static
main.c:332:11:AWGNGenerator	32	static
main.c:350:6:simulateSineWave	552	static
main.c:413:6:FIR_Filter	432	static
main.c:458:5:main	2184	static
main.c:661:6:SystemClock_Config	136	static
main.c:720:13:MX_ADC1_Init	24	static
main.c:770:13:MX_DAC_Init	16	static
main.c:808:13:MX_DMA2D_Init	8	static
main.c:845:13:MX_I2C3_Init	8	static
main.c:891:13:MX_LTDC_Init	112	static
main.c:973:13:MX_SPI5_Init	8	static
main.c:1011:13:MX_TIM2_Init	32	static
main.c:1056:13:MX_UART5_Init	8	static
main.c:1087:13:MX_DMA_Init	16	static
main.c:1101:13:MX_FMC_Init	40	static
main.c:1152:13:MX_GPIO_Init	64	static
main.c:1265:6:bitReverseArray	56	dynamic
main.c:1285:5:getNumBits	24	static
main.c:1298:9:FFT	152	static
main.c:1356:5:reverseBit	24	static
main.c:1374:8:max	32	static
main.c:1382:8:findMax	40	static
main.c:1484:6:Error_Handler	4	static
