stm32f4xx_hal_msp.c:65:6:HAL_MspInit	16	static
stm32f4xx_hal_msp.c:87:6:HAL_ADC_MspInit	48	static
stm32f4xx_hal_msp.c:120:6:HAL_ADC_MspDeInit	16	static
stm32f4xx_hal_msp.c:148:6:HAL_DAC_MspInit	48	static
stm32f4xx_hal_msp.c:200:6:HAL_DAC_MspDeInit	16	static
stm32f4xx_hal_msp.c:230:6:HAL_DMA2D_MspInit	24	static
stm32f4xx_hal_msp.c:252:6:HAL_DMA2D_MspDeInit	16	static
stm32f4xx_hal_msp.c:274:6:HAL_I2C_MspInit	48	static
stm32f4xx_hal_msp.c:318:6:HAL_I2C_MspDeInit	16	static
stm32f4xx_hal_msp.c:349:6:HAL_LTDC_MspInit	64	static
stm32f4xx_hal_msp.c:460:6:HAL_LTDC_MspDeInit	16	static
stm32f4xx_hal_msp.c:522:6:HAL_SPI_MspInit	48	static
stm32f4xx_hal_msp.c:559:6:HAL_SPI_MspDeInit	16	static
stm32f4xx_hal_msp.c:589:6:HAL_TIM_Base_MspInit	24	static
stm32f4xx_hal_msp.c:614:6:HAL_TIM_Base_MspDeInit	16	static
stm32f4xx_hal_msp.c:639:6:HAL_UART_MspInit	48	static
stm32f4xx_hal_msp.c:683:6:HAL_UART_MspDeInit	16	static
stm32f4xx_hal_msp.c:710:13:HAL_FMC_MspInit	32	static
stm32f4xx_hal_msp.c:816:6:HAL_SDRAM_MspInit	16	static
stm32f4xx_hal_msp.c:828:13:HAL_FMC_MspDeInit	8	static
stm32f4xx_hal_msp.c:902:6:HAL_SDRAM_MspDeInit	16	static
